idf_component_register(SRCS "expected.cpp"
                    INCLUDE_DIRS "include")
